[arabianblogy.blogspot.com/index.html]
[backblue.gif]
[fade.gif]
[index.html]
[i.imgur.com/BoVqUWa.jpg]
[ajax.googleapis.com/ajax/libs/jquery/2.2.0/jquery.min.js]
[arabianblogy.blogspot.com/img/like.3.delayed]
[www.thaqfny.com/wp-content/uploads/2021/10/12-1.png]
[1.bp.blogspot.com/-r1y-6gpuZ-g/Wxo9y9HQ6iI/AAAAAAAAAFI/W_nNcdC3IXIwCn5vmhNL2X18pwW4pBtvgCLcBGAs/s320/giphy (1).gif]
[1.bp.blogspot.com/-cNmlAyDORos/WnWZwiOkTiI/AAAAAAAAAAs/XiEzcd16hncSwKhWaDkAw-yfJccWlVsPwCLcBGAs/s1600/money.gif]
[cdn0.iconfinder.com/data/icons/shift-free/32/781815.png]
[1.bp.blogspot.com/-PJ1rBEFs8Jw/W6JwF7qbVbI/AAAAAAAAAHY/xe4a0-2nuqMYEUXAlpk3AIMAqxTHZAGzgCLcBGAs/s200/Screenshot_1295.png]
[3.bp.blogspot.com/-VwvW7niAiO4/W6JwAzmToDI/AAAAAAAAAHQ/YmRLnCoXyZwSjJ-aLSLz7IopixWyvrAZgCLcBGAs/s200/photo.jpg]
[3.bp.blogspot.com/-G1AHoEqC-EA/W6Jv-6YqY3I/AAAAAAAAAHM/qOjV5VJCEAM1lwIw-tHZfEDx3ATQ2xVOgCLcBGAs/s200/35.jpg]
[2.bp.blogspot.com/-UPZs_IC3BNc/W6Jv-7ryRbI/AAAAAAAAAHI/ckMfRbFrTKACT-YFQ9SczXuFifSAhabqACLcBGAs/s200/maxresdefault.jpg]
[2.bp.blogspot.com/-OwDGAI771N0/W6Jv8KlEg6I/AAAAAAAAAHE/d5S4JZtSp04-2Mehnuvece6_VKzbMrNQwCLcBGAs/s200/download.jpg]
[3.bp.blogspot.com/-zi40tYAm86Q/W6Jv0HUeM2I/AAAAAAAAAHA/W5gZZdjZnmoxZtKHIDS07ZrzKHMTlELGACEwYBhgL/s200/6009096-1506062954.jpg]
[arabianblogy.blogspot.com/index.html]
[fonts.googleapis.com/earlyaccess/droidarabicnaskh.css]
[arabianblogy.blogspot.com/img/like.html]
[waust.at/d.js]
[arabianblogy.blogspot.com/amung.us/dynamic.f.delayed]
[waust.at/d.js]
[arabianblogy.blogspot.com/amung.us/dynamic.html]
[cdn.tynt.com/tc.js]
